---
source: crates/ark/tests/replay.rs
expression: r.out
---
full board of relay cores
  1024  sector 02 playing   score  26950  lives 3  bricks 21  3be75da689f378d9
  2048  sector 02 playing   score  29400  lives 3  bricks 12  a221eb1fb3190c84
  3072  sector 02 playing   score  30125  lives 3  bricks  9  65a640e579aad5ec
  4096  sector 02 playing   score  30775  lives 3  bricks  5  3838b41354d75953
