---
source: tests/replay.rs
expression: r.out
---
anchor catches held for seconds, then released
  1024  sector 02 playing   score    125  lives 3  bricks 35  aebdd05735406fca
  2048  sector 02 playing   score    250  lives 3  bricks 34  9bc26ad8ca15967b
  3072  sector 02 playing   score    375  lives 3  bricks 33  a0ade4f796778307
  4096  sector 02 playing   score    650  lives 3  bricks 31  d92c55f26cb0c337
  5120  sector 02 playing   score   1050  lives 3  bricks 28  d0dcf7b906f008ec
  6144  sector 02 playing   score   1050  lives 3  bricks 28  34a43612278502d3
